[309월2026 20:31:39.055] [main/INFO] [cpw.mods.modlauncher.Launcher/MODLAUNCHER]: ModLauncher running: args [--launchTarget, forgeclientdev, --version, 21.1.250, --assetIndex, 17, --assetsDir, C:\\Users\\hanjw\\.gradle\\caches\\neoformruntime\\assets, --gameDir, ., --fml.fmlVersion, 4.0.44, --fml.mcVersion, 1.21.1, --fml.neoForgeVersion, 21.1.250, --fml.neoFormVersion, 20240808.144430]
[309월2026 20:31:39.057] [main/INFO] [cpw.mods.modlauncher.Launcher/MODLAUNCHER]: JVM identified as Oracle Corporation Java HotSpot(TM) 64-Bit Server VM 21.0.12.1+1-LTS-4
[309월2026 20:31:39.059] [main/INFO] [cpw.mods.modlauncher.Launcher/MODLAUNCHER]: ModLauncher 11.0.5+main.901c6ea8 starting: java version 21.0.12.1 by Oracle Corporation; OS Windows 11 arch amd64 version 10.0
[309월2026 20:31:39.125] [main/INFO] [net.neoforged.fml.loading.ImmediateWindowHandler/]: Loading ImmediateWindowProvider fmlearlywindow
[309월2026 20:31:39.195] [main/INFO] [EARLYDISPLAY/]: Trying GL version 4.6
[309월2026 20:31:39.301] [main/INFO] [EARLYDISPLAY/]: Requested GL version 4.6 got version 4.6
[309월2026 20:31:39.366] [main/INFO] [mixin/]: SpongePowered MIXIN Subsystem Version=0.8.7 Source=union:/C:/Users/hanjw/.gradle/caches/modules-2/files-2.1/net.fabricmc/sponge-mixin/0.15.2+mixin.0.8.7/2af2f021d8e02a0220dc27a7a72b4666d66d44ca/sponge-mixin-0.15.2+mixin.0.8.7.jar%23138!/ Service=ModLauncher Env=CLIENT
[309월2026 20:31:39.496] [pool-2-thread-1/INFO] [EARLYDISPLAY/]: GL info: NVIDIA GeForce RTX 4060/PCIe/SSE2 GL version 4.6.0 NVIDIA 591.86, NVIDIA Corporation
[309월2026 20:31:39.619] [main/INFO] [net.neoforged.fml.loading.moddiscovery.locators.JarInJarDependencyLocator/]: Found 3 dependencies adding them to mods collection
[309월2026 20:31:39.620] [main/INFO] [net.neoforged.fml.loading.moddiscovery.ModDiscoverer/]: 
     Mod List:
		Name Version (Mod Id)

		AAAParticles 1.21-1.4.15 (aaa_particles)
		Architectury 13.0.8 (architectury)
		Corelib 1.21.1-2.1.11 (corelib)
		Epic Fight 21.17.3.1 (epicfight)
		GeckoLib 4 4.8.4 (geckolib)
		gourmet2 1.0-SNAPSHOT (gourmet2)
		Minecraft 1.21.1 (minecraft)
		NeoForge 21.1.250 (neoforge)
[309월2026 20:31:40.211] [main/INFO] [mixin/]: Compatibility level set to JAVA_17
[309월2026 20:31:40.212] [main/INFO] [mixin/]: Compatibility level set to JAVA_21
[309월2026 20:31:40.227] [main/INFO] [cpw.mods.modlauncher.LaunchServiceHandler/MODLAUNCHER]: Launching target 'forgeclientdev' with arguments [--version, 21.1.250, --gameDir, ., --assetsDir, C:\Users\hanjw\.gradle\caches\neoformruntime\assets, --assetIndex, 17]
[309월2026 20:31:40.263] [main/WARN] [mixin/]: Reference map 'geckolib.refmap.json' for geckolib.mixins.json could not be read. If this is a development environment you can ignore this message
[309월2026 20:31:40.263] [main/WARN] [mixin/]: Reference map 'epicfight.mixins.refmap.json' for epicfight.mixins.json could not be read. If this is a development environment you can ignore this message
[309월2026 20:31:40.557] [main/INFO] [MixinExtras|Service/]: Initializing MixinExtras via com.llamalad7.mixinextras.service.MixinExtrasServiceImpl(version=0.5.3).
[309월2026 20:31:41.642] [Datafixer Bootstrap/INFO] [com.mojang.datafixers.DataFixerBuilder/]: 229 Datafixer optimizations took 224 milliseconds
[309월2026 20:31:44.412] [main/WARN] [net.minecraft.commands.Commands/]: Ambiguity between arguments [teleport, location] and [teleport, destination] with inputs: [0.1 -0.5 .9, 0 0 0]
[309월2026 20:31:44.412] [main/WARN] [net.minecraft.commands.Commands/]: Ambiguity between arguments [teleport, location] and [teleport, targets] with inputs: [0.1 -0.5 .9, 0 0 0]
[309월2026 20:31:44.412] [main/WARN] [net.minecraft.commands.Commands/]: Ambiguity between arguments [teleport, destination] and [teleport, targets] with inputs: [Player, 0123, @e, dd12be42-52a9-4a91-a8a1-11c01849e498]
[309월2026 20:31:44.412] [main/WARN] [net.minecraft.commands.Commands/]: Ambiguity between arguments [teleport, targets] and [teleport, destination] with inputs: [Player, 0123, dd12be42-52a9-4a91-a8a1-11c01849e498]
[309월2026 20:31:44.417] [main/WARN] [net.minecraft.commands.Commands/]: Ambiguity between arguments [teleport, targets, location] and [teleport, targets, destination] with inputs: [0.1 -0.5 .9, 0 0 0]
[309월2026 20:31:44.484] [Render thread/WARN] [net.minecraft.server.packs.VanillaPackResourcesBuilder/]: Assets URL 'union:/C:/Users/hanjw/Downloads/gourmet2-main/gourmet2-main/build/moddev/artifacts/neoforge-21.1.250.jar%23189!/assets/.mcassetsroot' uses unexpected schema
[309월2026 20:31:44.484] [Render thread/WARN] [net.minecraft.server.packs.VanillaPackResourcesBuilder/]: Assets URL 'union:/C:/Users/hanjw/Downloads/gourmet2-main/gourmet2-main/build/moddev/artifacts/neoforge-21.1.250.jar%23189!/data/.mcassetsroot' uses unexpected schema
[309월2026 20:31:44.498] [Render thread/INFO] [com.mojang.authlib.yggdrasil.YggdrasilAuthenticationService/]: Environment: Environment[sessionHost=https://sessionserver.mojang.com, servicesHost=https://api.minecraftservices.com, name=PROD]
[309월2026 20:31:44.503] [Render thread/INFO] [net.minecraft.client.Minecraft/]: Setting user: Dev
[309월2026 20:31:44.554] [Render thread/INFO] [net.minecraft.client.Minecraft/]: Backend library: LWJGL version 3.3.3+5
[309월2026 20:31:44.706] [modloading-worker-0/INFO] [net.neoforged.neoforge.common.NeoForgeMod/NEOFORGE-MOD]: NeoForge mod loading, version 21.1.250, for MC 1.21.1
[309월2026 20:31:44.738] [modloading-worker-0/INFO] [mod.chloeprime.aaaparticles.AAAParticles/]: Loading Effekseer native library at C:\Users\hanjw\Downloads\gourmet2-main\gourmet2-main\run\EffekseerNativeForJava.dll
[309월2026 20:31:44.846] [modloading-worker-0/INFO] [epicfight/]: Loaded mod compatibility module: GeckolibCompat
[309월2026 20:31:45.027] [modloading-sync-worker/INFO] [epicfight/]: Data keys [epicfight:combo_counter] for epicfight:combo_attacks
[309월2026 20:31:45.027] [modloading-sync-worker/INFO] [epicfight/]: Data keys [epicfight:penalty, epicfight:penalty_restore_counter] for epicfight:guard
[309월2026 20:31:45.027] [modloading-sync-worker/INFO] [epicfight/]: Data keys [epicfight:penalty, epicfight:penalty_restore_counter] for epicfight:impact_guard
[309월2026 20:31:45.027] [modloading-sync-worker/INFO] [epicfight/]: Data keys [epicfight:last_active, epicfight:penalty, epicfight:penalty_restore_counter, epicfight:parry_motion_counter] for epicfight:parrying
[309월2026 20:31:45.027] [modloading-sync-worker/INFO] [epicfight/]: Data keys [epicfight:stacks, epicfight:tick_record, epicfight:resisting_damage_type] for epicfight:adaptive_skin
[309월2026 20:31:45.027] [modloading-sync-worker/INFO] [epicfight/]: Data keys [epicfight:tick_record] for epicfight:adrenaline_fiend
[309월2026 20:31:45.027] [modloading-sync-worker/INFO] [epicfight/]: Data keys [epicfight:stacks, epicfight:entity_id] for epicfight:bonebreaker
[309월2026 20:31:45.027] [modloading-sync-worker/INFO] [epicfight/]: Data keys [epicfight:tick_record, epicfight:entity_id] for epicfight:vengeance
[309월2026 20:31:45.027] [modloading-sync-worker/INFO] [epicfight/]: Data keys [epicfight:fall_distance, epicfight:slam_protect_next_fall] for epicfight:meteor_slam
[309월2026 20:31:45.027] [modloading-sync-worker/INFO] [epicfight/]: Data keys [epicfight:stacks] for epicfight:revelation
[309월2026 20:31:45.027] [modloading-sync-worker/INFO] [epicfight/]: Data keys [epicfight:slam_protect_next_fall] for epicfight:demolition_leap
[309월2026 20:31:45.027] [modloading-sync-worker/INFO] [epicfight/]: Data keys [epicfight:jump_key_pressed_last_tick, epicfight:jump_count, epicfight:slam_protect_next_fall] for epicfight:phantom_ascent
[309월2026 20:31:45.027] [modloading-sync-worker/INFO] [epicfight/]: Data keys [epicfight:last_hit_count] for epicfight:grasping_spire
[309월2026 20:31:45.027] [modloading-sync-worker/INFO] [epicfight/]: Data keys [epicfight:sheath] for epicfight:battojutsu
[309월2026 20:31:45.027] [modloading-sync-worker/INFO] [epicfight/]: Data keys [epicfight:combo_counter] for epicfight:blade_rush
[309월2026 20:31:45.027] [modloading-sync-worker/INFO] [epicfight/]: Data keys [epicfight:thrown_trident_entity_id] for epicfight:everlasting_allegiance
[309월2026 20:31:45.027] [modloading-sync-worker/INFO] [epicfight/]: Data keys [epicfight:sheath] for epicfight:battojutsu_passive
[309월2026 20:31:45.046] [modloading-sync-worker/INFO] [epicfight/]: Epic Fight web server connection helper: Initialize
[309월2026 20:31:45.067] [modloading-sync-worker/INFO] [epicfight/]: Epic Fight web server connection helper: supported
[309월2026 20:31:45.348] [Render thread/INFO] [net.neoforged.neoforge.gametest.GameTestHooks/]: Enabled Gametest Namespaces: [gourmet2]
[309월2026 20:31:45.494] [Render thread/INFO] [net.minecraft.server.packs.resources.ReloadableResourceManager/]: Reloading ResourceManager: vanilla, mod_resources, mod/aaa_particles, mod/geckolib, mod/epicfight, mod/gourmet2, mod/architectury, mod/neoforge, mod/corelib
[309월2026 20:31:45.595] [Worker-Main-15/INFO] [net.minecraft.client.gui.font.providers.UnihexProvider/]: Found unifont_all_no_pua-15.1.05.hex, loading
[309월2026 20:31:45.595] [Worker-Main-19/INFO] [net.minecraft.client.gui.font.providers.UnihexProvider/]: Found unifont_jp_patch-15.1.05.hex, loading
[309월2026 20:31:45.689] [Render thread/INFO] [mod.chloeprime.aaaparticles.AAAParticles/]: Initializing framebuffers of RenderStateCapture
[309월2026 20:31:45.717] [Render thread/INFO] [mod.chloeprime.aaaparticles.AAAParticles/]: Initialized framebuffers of RenderStateCapture
[309월2026 20:31:45.723] [Render thread/WARN] [epicfight/]: [Computer Shader Acceleration] OpenGL Version: 4.6.0 NVIDIA 591.86
[309월2026 20:31:45.723] [Render thread/WARN] [epicfight/]: [Computer Shader Acceleration] Compute Shader: Supported
[309월2026 20:31:45.730] [Worker-Main-6/WARN] [net.minecraft.client.renderer.texture.SpriteLoader/]: Texture epicfight:item/wooden_tachi with size 30x30 limits mip level from 4 to 1
[309월2026 20:31:47.222] [Render thread/ERROR] [net.minecraft.server.packs.PathPackResources/]: Invalid path gourmet2:effeks/03_Hanmado01/Effect/../Texture/black.png: Invalid segment '..' in path 'effeks/03_Hanmado01/Effect/../Texture/black.png'
[309월2026 20:31:47.222] [Render thread/ERROR] [net.minecraft.server.packs.PathPackResources/]: Invalid path gourmet2:effeks/03_Hanmado01/Effect/hit_hanmado_0409/../Texture/black.png: Invalid segment '..' in path 'effeks/03_Hanmado01/Effect/hit_hanmado_0409/../Texture/black.png'
[309월2026 20:31:47.222] [Render thread/ERROR] [mod.chloeprime.aaaparticles.client.loader.EffekAssetLoader/]: Failed to load gourmet2:03_Hanmado01/Effect/hit_hanmado_0409
java.io.FileNotFoundException: Failed to load gourmet2:effeks/03_Hanmado01/Effect/../Texture/black.png or gourmet2:effeks/03_Hanmado01/Effect/hit_hanmado_0409/../Texture/black.png
	at TRANSFORMER/aaa_particles@1.21-1.4.15/mod.chloeprime.aaaparticles.client.loader.EffekAssetLoader.lambda$load$2(EffekAssetLoader.java:111) ~[aaa-particles-neoforge-1.21-1.4.15.jar%23193!/:?]
	at java.base/java.util.Optional.orElseThrow(Optional.java:403) ~[?:?]
	at TRANSFORMER/aaa_particles@1.21-1.4.15/mod.chloeprime.aaaparticles.client.loader.EffekAssetLoader.load(EffekAssetLoader.java:111) ~[aaa-particles-neoforge-1.21-1.4.15.jar%23193!/:?]
	at TRANSFORMER/aaa_particles@1.21-1.4.15/mod.chloeprime.aaaparticles.client.loader.EffekAssetLoader.loadEffect(EffekAssetLoader.java:64) ~[aaa-particles-neoforge-1.21-1.4.15.jar%23193!/:?]
	at TRANSFORMER/aaa_particles@1.21-1.4.15/mod.chloeprime.aaaparticles.client.loader.EffekAssetLoader.lambda$apply$6(EffekAssetLoader.java:169) ~[aaa-particles-neoforge-1.21-1.4.15.jar%23193!/:?]
	at java.base/java.util.TreeMap.forEach(TreeMap.java:1317) ~[?:?]
	at TRANSFORMER/aaa_particles@1.21-1.4.15/mod.chloeprime.aaaparticles.client.loader.EffekAssetLoader.lambda$apply$7(EffekAssetLoader.java:167) ~[aaa-particles-neoforge-1.21-1.4.15.jar%23193!/:?]
	at TRANSFORMER/aaa_particles@1.21-1.4.15/mod.chloeprime.aaaparticles.client.render.RenderUtil.lambda$runPixelStoreCodeHealthily$0(RenderUtil.java:112) ~[aaa-particles-neoforge-1.21-1.4.15.jar%23193!/:?]
	at TRANSFORMER/aaa_particles@1.21-1.4.15/mod.chloeprime.aaaparticles.client.render.RenderUtil.runPixelStoreCodeSafely(RenderUtil.java:99) ~[aaa-particles-neoforge-1.21-1.4.15.jar%23193!/:?]
	at TRANSFORMER/aaa_particles@1.21-1.4.15/mod.chloeprime.aaaparticles.client.render.RenderUtil.runPixelStoreCodeHealthily(RenderUtil.java:108) ~[aaa-particles-neoforge-1.21-1.4.15.jar%23193!/:?]
	at TRANSFORMER/aaa_particles@1.21-1.4.15/mod.chloeprime.aaaparticles.client.loader.EffekAssetLoader.apply(EffekAssetLoader.java:165) ~[aaa-particles-neoforge-1.21-1.4.15.jar%23193!/:?]
	at TRANSFORMER/aaa_particles@1.21-1.4.15/mod.chloeprime.aaaparticles.client.loader.EffekAssetLoader.apply(EffekAssetLoader.java:33) ~[aaa-particles-neoforge-1.21-1.4.15.jar%23193!/:?]
	at TRANSFORMER/minecraft@1.21.1/net.minecraft.server.packs.resources.SimplePreparableReloadListener.lambda$reload$1(SimplePreparableReloadListener.java:19) ~[neoforge-21.1.250.jar%23189!/:?]
	at java.base/java.util.concurrent.CompletableFuture$UniAccept.tryFire(CompletableFuture.java:718) ~[?:?]
	at java.base/java.util.concurrent.CompletableFuture$Completion.run(CompletableFuture.java:482) ~[?:?]
	at TRANSFORMER/minecraft@1.21.1/net.minecraft.server.packs.resources.SimpleReloadInstance.lambda$new$3(SimpleReloadInstance.java:86) ~[neoforge-21.1.250.jar%23189!/:?]
	at TRANSFORMER/minecraft@1.21.1/net.minecraft.util.thread.BlockableEventLoop.doRunTask(BlockableEventLoop.java:151) ~[neoforge-21.1.250.jar%23189!/:?]
	at TRANSFORMER/minecraft@1.21.1/net.minecraft.util.thread.ReentrantBlockableEventLoop.doRunTask(ReentrantBlockableEventLoop.java:24) ~[neoforge-21.1.250.jar%23189!/:?]
	at TRANSFORMER/minecraft@1.21.1/net.minecraft.util.thread.BlockableEventLoop.pollTask(BlockableEventLoop.java:122) ~[neoforge-21.1.250.jar%23189!/:?]
	at TRANSFORMER/minecraft@1.21.1/net.minecraft.util.thread.BlockableEventLoop.runAllTasks(BlockableEventLoop.java:111) ~[neoforge-21.1.250.jar%23189!/:?]
	at TRANSFORMER/minecraft@1.21.1/net.minecraft.client.Minecraft.runTick(Minecraft.java:1161) ~[neoforge-21.1.250.jar%23189!/:?]
	at TRANSFORMER/minecraft@1.21.1/net.minecraft.client.Minecraft.run(Minecraft.java:813) ~[neoforge-21.1.250.jar%23189!/:?]
	at TRANSFORMER/minecraft@1.21.1/net.minecraft.client.main.Main.main(Main.java:230) ~[neoforge-21.1.250.jar%23189!/:?]
	at java.base/jdk.internal.reflect.DirectMethodHandleAccessor.invoke(DirectMethodHandleAccessor.java:103) ~[?:?]
	at java.base/java.lang.reflect.Method.invoke(Method.java:580) ~[?:?]
	at MC-BOOTSTRAP/fml_loader@4.0.44/net.neoforged.fml.loading.targets.CommonLaunchHandler.runTarget(CommonLaunchHandler.java:136) ~[loader-4.0.44.jar%23146!/:4.0]
	at MC-BOOTSTRAP/fml_loader@4.0.44/net.neoforged.fml.loading.targets.CommonLaunchHandler.clientService(CommonLaunchHandler.java:124) ~[loader-4.0.44.jar%23146!/:4.0]
	at MC-BOOTSTRAP/fml_loader@4.0.44/net.neoforged.fml.loading.targets.NeoForgeClientDevLaunchHandler.runService(NeoForgeClientDevLaunchHandler.java:23) ~[loader-4.0.44.jar%23146!/:4.0]
	at MC-BOOTSTRAP/fml_loader@4.0.44/net.neoforged.fml.loading.targets.CommonLaunchHandler.lambda$launchService$4(CommonLaunchHandler.java:118) ~[loader-4.0.44.jar%23146!/:4.0]
	at MC-BOOTSTRAP/cpw.mods.modlauncher@11.0.5/cpw.mods.modlauncher.LaunchServiceHandlerDecorator.launch(LaunchServiceHandlerDecorator.java:30) [modlauncher-11.0.5.jar%23128!/:?]
	at MC-BOOTSTRAP/cpw.mods.modlauncher@11.0.5/cpw.mods.modlauncher.LaunchServiceHandler.launch(LaunchServiceHandler.java:53) [modlauncher-11.0.5.jar%23128!/:?]
	at MC-BOOTSTRAP/cpw.mods.modlauncher@11.0.5/cpw.mods.modlauncher.LaunchServiceHandler.launch(LaunchServiceHandler.java:71) [modlauncher-11.0.5.jar%23128!/:?]
	at MC-BOOTSTRAP/cpw.mods.modlauncher@11.0.5/cpw.mods.modlauncher.Launcher.run(Launcher.java:103) [modlauncher-11.0.5.jar%23128!/:?]
	at MC-BOOTSTRAP/cpw.mods.modlauncher@11.0.5/cpw.mods.modlauncher.Launcher.main(Launcher.java:74) [modlauncher-11.0.5.jar%23128!/:?]
	at MC-BOOTSTRAP/cpw.mods.modlauncher@11.0.5/cpw.mods.modlauncher.BootstrapLaunchConsumer.accept(BootstrapLaunchConsumer.java:26) [modlauncher-11.0.5.jar%23128!/:?]
	at MC-BOOTSTRAP/cpw.mods.modlauncher@11.0.5/cpw.mods.modlauncher.BootstrapLaunchConsumer.accept(BootstrapLaunchConsumer.java:23) [modlauncher-11.0.5.jar%23128!/:?]
	at cpw.mods.bootstraplauncher@2.0.2/cpw.mods.bootstraplauncher.BootstrapLauncher.run(BootstrapLauncher.java:210) [bootstraplauncher-2.0.2.jar:?]
	at cpw.mods.bootstraplauncher@2.0.2/cpw.mods.bootstraplauncher.BootstrapLauncher.main(BootstrapLauncher.java:69) [bootstraplauncher-2.0.2.jar:?]
	at java.base/jdk.internal.reflect.DirectMethodHandleAccessor.invoke(DirectMethodHandleAccessor.java:103) ~[?:?]
	at java.base/java.lang.reflect.Method.invoke(Method.java:580) ~[?:?]
	at net.neoforged.devlaunch.Main.main(Main.java:57) [DevLaunch-1.0.2.jar:?]
[309월2026 20:31:47.241] [Render thread/ERROR] [net.minecraft.server.packs.PathPackResources/]: Invalid path gourmet2:effeks/toriko/03_Hanmado01/Effect/../Texture/black.png: Invalid segment '..' in path 'effeks/toriko/03_Hanmado01/Effect/../Texture/black.png'
[309월2026 20:31:47.241] [Render thread/ERROR] [net.minecraft.server.packs.PathPackResources/]: Invalid path gourmet2:effeks/toriko/03_Hanmado01/Effect/hit_hanmado_0409/../Texture/black.png: Invalid segment '..' in path 'effeks/toriko/03_Hanmado01/Effect/hit_hanmado_0409/../Texture/black.png'
[309월2026 20:31:47.242] [Render thread/ERROR] [mod.chloeprime.aaaparticles.client.loader.EffekAssetLoader/]: Failed to load gourmet2:toriko/03_Hanmado01/Effect/hit_hanmado_0409
java.io.FileNotFoundException: Failed to load gourmet2:effeks/toriko/03_Hanmado01/Effect/../Texture/black.png or gourmet2:effeks/toriko/03_Hanmado01/Effect/hit_hanmado_0409/../Texture/black.png
	at TRANSFORMER/aaa_particles@1.21-1.4.15/mod.chloeprime.aaaparticles.client.loader.EffekAssetLoader.lambda$load$2(EffekAssetLoader.java:111) ~[aaa-particles-neoforge-1.21-1.4.15.jar%23193!/:?]
	at java.base/java.util.Optional.orElseThrow(Optional.java:403) ~[?:?]
	at TRANSFORMER/aaa_particles@1.21-1.4.15/mod.chloeprime.aaaparticles.client.loader.EffekAssetLoader.load(EffekAssetLoader.java:111) ~[aaa-particles-neoforge-1.21-1.4.15.jar%23193!/:?]
	at TRANSFORMER/aaa_particles@1.21-1.4.15/mod.chloeprime.aaaparticles.client.loader.EffekAssetLoader.loadEffect(EffekAssetLoader.java:64) ~[aaa-particles-neoforge-1.21-1.4.15.jar%23193!/:?]
	at TRANSFORMER/aaa_particles@1.21-1.4.15/mod.chloeprime.aaaparticles.client.loader.EffekAssetLoader.lambda$apply$6(EffekAssetLoader.java:169) ~[aaa-particles-neoforge-1.21-1.4.15.jar%23193!/:?]
	at java.base/java.util.TreeMap.forEach(TreeMap.java:1317) ~[?:?]
	at TRANSFORMER/aaa_particles@1.21-1.4.15/mod.chloeprime.aaaparticles.client.loader.EffekAssetLoader.lambda$apply$7(EffekAssetLoader.java:167) ~[aaa-particles-neoforge-1.21-1.4.15.jar%23193!/:?]
	at TRANSFORMER/aaa_particles@1.21-1.4.15/mod.chloeprime.aaaparticles.client.render.RenderUtil.lambda$runPixelStoreCodeHealthily$0(RenderUtil.java:112) ~[aaa-particles-neoforge-1.21-1.4.15.jar%23193!/:?]
	at TRANSFORMER/aaa_particles@1.21-1.4.15/mod.chloeprime.aaaparticles.client.render.RenderUtil.runPixelStoreCodeSafely(RenderUtil.java:99) ~[aaa-particles-neoforge-1.21-1.4.15.jar%23193!/:?]
	at TRANSFORMER/aaa_particles@1.21-1.4.15/mod.chloeprime.aaaparticles.client.render.RenderUtil.runPixelStoreCodeHealthily(RenderUtil.java:108) ~[aaa-particles-neoforge-1.21-1.4.15.jar%23193!/:?]
	at TRANSFORMER/aaa_particles@1.21-1.4.15/mod.chloeprime.aaaparticles.client.loader.EffekAssetLoader.apply(EffekAssetLoader.java:165) ~[aaa-particles-neoforge-1.21-1.4.15.jar%23193!/:?]
	at TRANSFORMER/aaa_particles@1.21-1.4.15/mod.chloeprime.aaaparticles.client.loader.EffekAssetLoader.apply(EffekAssetLoader.java:33) ~[aaa-particles-neoforge-1.21-1.4.15.jar%23193!/:?]
	at TRANSFORMER/minecraft@1.21.1/net.minecraft.server.packs.resources.SimplePreparableReloadListener.lambda$reload$1(SimplePreparableReloadListener.java:19) ~[neoforge-21.1.250.jar%23189!/:?]
	at java.base/java.util.concurrent.CompletableFuture$UniAccept.tryFire(CompletableFuture.java:718) ~[?:?]
	at java.base/java.util.concurrent.CompletableFuture$Completion.run(CompletableFuture.java:482) ~[?:?]
	at TRANSFORMER/minecraft@1.21.1/net.minecraft.server.packs.resources.SimpleReloadInstance.lambda$new$3(SimpleReloadInstance.java:86) ~[neoforge-21.1.250.jar%23189!/:?]
	at TRANSFORMER/minecraft@1.21.1/net.minecraft.util.thread.BlockableEventLoop.doRunTask(BlockableEventLoop.java:151) ~[neoforge-21.1.250.jar%23189!/:?]
	at TRANSFORMER/minecraft@1.21.1/net.minecraft.util.thread.ReentrantBlockableEventLoop.doRunTask(ReentrantBlockableEventLoop.java:24) ~[neoforge-21.1.250.jar%23189!/:?]
	at TRANSFORMER/minecraft@1.21.1/net.minecraft.util.thread.BlockableEventLoop.pollTask(BlockableEventLoop.java:122) ~[neoforge-21.1.250.jar%23189!/:?]
	at TRANSFORMER/minecraft@1.21.1/net.minecraft.util.thread.BlockableEventLoop.runAllTasks(BlockableEventLoop.java:111) ~[neoforge-21.1.250.jar%23189!/:?]
	at TRANSFORMER/minecraft@1.21.1/net.minecraft.client.Minecraft.runTick(Minecraft.java:1161) ~[neoforge-21.1.250.jar%23189!/:?]
	at TRANSFORMER/minecraft@1.21.1/net.minecraft.client.Minecraft.run(Minecraft.java:813) ~[neoforge-21.1.250.jar%23189!/:?]
	at TRANSFORMER/minecraft@1.21.1/net.minecraft.client.main.Main.main(Main.java:230) ~[neoforge-21.1.250.jar%23189!/:?]
	at java.base/jdk.internal.reflect.DirectMethodHandleAccessor.invoke(DirectMethodHandleAccessor.java:103) ~[?:?]
	at java.base/java.lang.reflect.Method.invoke(Method.java:580) ~[?:?]
	at MC-BOOTSTRAP/fml_loader@4.0.44/net.neoforged.fml.loading.targets.CommonLaunchHandler.runTarget(CommonLaunchHandler.java:136) ~[loader-4.0.44.jar%23146!/:4.0]
	at MC-BOOTSTRAP/fml_loader@4.0.44/net.neoforged.fml.loading.targets.CommonLaunchHandler.clientService(CommonLaunchHandler.java:124) ~[loader-4.0.44.jar%23146!/:4.0]
	at MC-BOOTSTRAP/fml_loader@4.0.44/net.neoforged.fml.loading.targets.NeoForgeClientDevLaunchHandler.runService(NeoForgeClientDevLaunchHandler.java:23) ~[loader-4.0.44.jar%23146!/:4.0]
	at MC-BOOTSTRAP/fml_loader@4.0.44/net.neoforged.fml.loading.targets.CommonLaunchHandler.lambda$launchService$4(CommonLaunchHandler.java:118) ~[loader-4.0.44.jar%23146!/:4.0]
	at MC-BOOTSTRAP/cpw.mods.modlauncher@11.0.5/cpw.mods.modlauncher.LaunchServiceHandlerDecorator.launch(LaunchServiceHandlerDecorator.java:30) [modlauncher-11.0.5.jar%23128!/:?]
	at MC-BOOTSTRAP/cpw.mods.modlauncher@11.0.5/cpw.mods.modlauncher.LaunchServiceHandler.launch(LaunchServiceHandler.java:53) [modlauncher-11.0.5.jar%23128!/:?]
	at MC-BOOTSTRAP/cpw.mods.modlauncher@11.0.5/cpw.mods.modlauncher.LaunchServiceHandler.launch(LaunchServiceHandler.java:71) [modlauncher-11.0.5.jar%23128!/:?]
	at MC-BOOTSTRAP/cpw.mods.modlauncher@11.0.5/cpw.mods.modlauncher.Launcher.run(Launcher.java:103) [modlauncher-11.0.5.jar%23128!/:?]
	at MC-BOOTSTRAP/cpw.mods.modlauncher@11.0.5/cpw.mods.modlauncher.Launcher.main(Launcher.java:74) [modlauncher-11.0.5.jar%23128!/:?]
	at MC-BOOTSTRAP/cpw.mods.modlauncher@11.0.5/cpw.mods.modlauncher.BootstrapLaunchConsumer.accept(BootstrapLaunchConsumer.java:26) [modlauncher-11.0.5.jar%23128!/:?]
	at MC-BOOTSTRAP/cpw.mods.modlauncher@11.0.5/cpw.mods.modlauncher.BootstrapLaunchConsumer.accept(BootstrapLaunchConsumer.java:23) [modlauncher-11.0.5.jar%23128!/:?]
	at cpw.mods.bootstraplauncher@2.0.2/cpw.mods.bootstraplauncher.BootstrapLauncher.run(BootstrapLauncher.java:210) [bootstraplauncher-2.0.2.jar:?]
	at cpw.mods.bootstraplauncher@2.0.2/cpw.mods.bootstraplauncher.BootstrapLauncher.main(BootstrapLauncher.java:69) [bootstraplauncher-2.0.2.jar:?]
	at java.base/jdk.internal.reflect.DirectMethodHandleAccessor.invoke(DirectMethodHandleAccessor.java:103) ~[?:?]
	at java.base/java.lang.reflect.Method.invoke(Method.java:580) ~[?:?]
	at net.neoforged.devlaunch.Main.main(Main.java:57) [DevLaunch-1.0.2.jar:?]
[309월2026 20:31:47.242] [Render thread/ERROR] [mod.chloeprime.aaaparticles.client.loader.EffekAssetLoader/]: Failed to load gourmet2:toriko/Texture/fork_impact
java.io.FileNotFoundException: Failed to load gourmet2:effeks/toriko/Texture/01_NextSoft01/Line01.png or gourmet2:effeks/toriko/Texture/fork_impact/01_NextSoft01/Line01.png
	at TRANSFORMER/aaa_particles@1.21-1.4.15/mod.chloeprime.aaaparticles.client.loader.EffekAssetLoader.lambda$load$2(EffekAssetLoader.java:111) ~[aaa-particles-neoforge-1.21-1.4.15.jar%23193!/:?]
	at java.base/java.util.Optional.orElseThrow(Optional.java:403) ~[?:?]
	at TRANSFORMER/aaa_particles@1.21-1.4.15/mod.chloeprime.aaaparticles.client.loader.EffekAssetLoader.load(EffekAssetLoader.java:111) ~[aaa-particles-neoforge-1.21-1.4.15.jar%23193!/:?]
	at TRANSFORMER/aaa_particles@1.21-1.4.15/mod.chloeprime.aaaparticles.client.loader.EffekAssetLoader.loadEffect(EffekAssetLoader.java:64) ~[aaa-particles-neoforge-1.21-1.4.15.jar%23193!/:?]
	at TRANSFORMER/aaa_particles@1.21-1.4.15/mod.chloeprime.aaaparticles.client.loader.EffekAssetLoader.lambda$apply$6(EffekAssetLoader.java:169) ~[aaa-particles-neoforge-1.21-1.4.15.jar%23193!/:?]
	at java.base/java.util.TreeMap.forEach(TreeMap.java:1317) ~[?:?]
	at TRANSFORMER/aaa_particles@1.21-1.4.15/mod.chloeprime.aaaparticles.client.loader.EffekAssetLoader.lambda$apply$7(EffekAssetLoader.java:167) ~[aaa-particles-neoforge-1.21-1.4.15.jar%23193!/:?]
	at TRANSFORMER/aaa_particles@1.21-1.4.15/mod.chloeprime.aaaparticles.client.render.RenderUtil.lambda$runPixelStoreCodeHealthily$0(RenderUtil.java:112) ~[aaa-particles-neoforge-1.21-1.4.15.jar%23193!/:?]
	at TRANSFORMER/aaa_particles@1.21-1.4.15/mod.chloeprime.aaaparticles.client.render.RenderUtil.runPixelStoreCodeSafely(RenderUtil.java:99) ~[aaa-particles-neoforge-1.21-1.4.15.jar%23193!/:?]
	at TRANSFORMER/aaa_particles@1.21-1.4.15/mod.chloeprime.aaaparticles.client.render.RenderUtil.runPixelStoreCodeHealthily(RenderUtil.java:108) ~[aaa-particles-neoforge-1.21-1.4.15.jar%23193!/:?]
	at TRANSFORMER/aaa_particles@1.21-1.4.15/mod.chloeprime.aaaparticles.client.loader.EffekAssetLoader.apply(EffekAssetLoader.java:165) ~[aaa-particles-neoforge-1.21-1.4.15.jar%23193!/:?]
	at TRANSFORMER/aaa_particles@1.21-1.4.15/mod.chloeprime.aaaparticles.client.loader.EffekAssetLoader.apply(EffekAssetLoader.java:33) ~[aaa-particles-neoforge-1.21-1.4.15.jar%23193!/:?]
	at TRANSFORMER/minecraft@1.21.1/net.minecraft.server.packs.resources.SimplePreparableReloadListener.lambda$reload$1(SimplePreparableReloadListener.java:19) ~[neoforge-21.1.250.jar%23189!/:?]
	at java.base/java.util.concurrent.CompletableFuture$UniAccept.tryFire(CompletableFuture.java:718) ~[?:?]
	at java.base/java.util.concurrent.CompletableFuture$Completion.run(CompletableFuture.java:482) ~[?:?]
	at TRANSFORMER/minecraft@1.21.1/net.minecraft.server.packs.resources.SimpleReloadInstance.lambda$new$3(SimpleReloadInstance.java:86) ~[neoforge-21.1.250.jar%23189!/:?]
	at TRANSFORMER/minecraft@1.21.1/net.minecraft.util.thread.BlockableEventLoop.doRunTask(BlockableEventLoop.java:151) ~[neoforge-21.1.250.jar%23189!/:?]
	at TRANSFORMER/minecraft@1.21.1/net.minecraft.util.thread.ReentrantBlockableEventLoop.doRunTask(ReentrantBlockableEventLoop.java:24) ~[neoforge-21.1.250.jar%23189!/:?]
	at TRANSFORMER/minecraft@1.21.1/net.minecraft.util.thread.BlockableEventLoop.pollTask(BlockableEventLoop.java:122) ~[neoforge-21.1.250.jar%23189!/:?]
	at TRANSFORMER/minecraft@1.21.1/net.minecraft.util.thread.BlockableEventLoop.runAllTasks(BlockableEventLoop.java:111) ~[neoforge-21.1.250.jar%23189!/:?]
	at TRANSFORMER/minecraft@1.21.1/net.minecraft.client.Minecraft.runTick(Minecraft.java:1161) ~[neoforge-21.1.250.jar%23189!/:?]
	at TRANSFORMER/minecraft@1.21.1/net.minecraft.client.Minecraft.run(Minecraft.java:813) ~[neoforge-21.1.250.jar%23189!/:?]
	at TRANSFORMER/minecraft@1.21.1/net.minecraft.client.main.Main.main(Main.java:230) ~[neoforge-21.1.250.jar%23189!/:?]
	at java.base/jdk.internal.reflect.DirectMethodHandleAccessor.invoke(DirectMethodHandleAccessor.java:103) ~[?:?]
	at java.base/java.lang.reflect.Method.invoke(Method.java:580) ~[?:?]
	at MC-BOOTSTRAP/fml_loader@4.0.44/net.neoforged.fml.loading.targets.CommonLaunchHandler.runTarget(CommonLaunchHandler.java:136) ~[loader-4.0.44.jar%23146!/:4.0]
	at MC-BOOTSTRAP/fml_loader@4.0.44/net.neoforged.fml.loading.targets.CommonLaunchHandler.clientService(CommonLaunchHandler.java:124) ~[loader-4.0.44.jar%23146!/:4.0]
	at MC-BOOTSTRAP/fml_loader@4.0.44/net.neoforged.fml.loading.targets.NeoForgeClientDevLaunchHandler.runService(NeoForgeClientDevLaunchHandler.java:23) ~[loader-4.0.44.jar%23146!/:4.0]
	at MC-BOOTSTRAP/fml_loader@4.0.44/net.neoforged.fml.loading.targets.CommonLaunchHandler.lambda$launchService$4(CommonLaunchHandler.java:118) ~[loader-4.0.44.jar%23146!/:4.0]
	at MC-BOOTSTRAP/cpw.mods.modlauncher@11.0.5/cpw.mods.modlauncher.LaunchServiceHandlerDecorator.launch(LaunchServiceHandlerDecorator.java:30) [modlauncher-11.0.5.jar%23128!/:?]
	at MC-BOOTSTRAP/cpw.mods.modlauncher@11.0.5/cpw.mods.modlauncher.LaunchServiceHandler.launch(LaunchServiceHandler.java:53) [modlauncher-11.0.5.jar%23128!/:?]
	at MC-BOOTSTRAP/cpw.mods.modlauncher@11.0.5/cpw.mods.modlauncher.LaunchServiceHandler.launch(LaunchServiceHandler.java:71) [modlauncher-11.0.5.jar%23128!/:?]
	at MC-BOOTSTRAP/cpw.mods.modlauncher@11.0.5/cpw.mods.modlauncher.Launcher.run(Launcher.java:103) [modlauncher-11.0.5.jar%23128!/:?]
	at MC-BOOTSTRAP/cpw.mods.modlauncher@11.0.5/cpw.mods.modlauncher.Launcher.main(Launcher.java:74) [modlauncher-11.0.5.jar%23128!/:?]
	at MC-BOOTSTRAP/cpw.mods.modlauncher@11.0.5/cpw.mods.modlauncher.BootstrapLaunchConsumer.accept(BootstrapLaunchConsumer.java:26) [modlauncher-11.0.5.jar%23128!/:?]
	at MC-BOOTSTRAP/cpw.mods.modlauncher@11.0.5/cpw.mods.modlauncher.BootstrapLaunchConsumer.accept(BootstrapLaunchConsumer.java:23) [modlauncher-11.0.5.jar%23128!/:?]
	at cpw.mods.bootstraplauncher@2.0.2/cpw.mods.bootstraplauncher.BootstrapLauncher.run(BootstrapLauncher.java:210) [bootstraplauncher-2.0.2.jar:?]
	at cpw.mods.bootstraplauncher@2.0.2/cpw.mods.bootstraplauncher.BootstrapLauncher.main(BootstrapLauncher.java:69) [bootstraplauncher-2.0.2.jar:?]
	at java.base/jdk.internal.reflect.DirectMethodHandleAccessor.invoke(DirectMethodHandleAccessor.java:103) ~[?:?]
	at java.base/java.lang.reflect.Method.invoke(Method.java:580) ~[?:?]
	at net.neoforged.devlaunch.Main.main(Main.java:57) [DevLaunch-1.0.2.jar:?]
[309월2026 20:31:47.390] [Render thread/ERROR] [net.minecraft.server.packs.PathPackResources/]: Invalid path gourmet2:effeks/toriko/../Texture/black.png: Invalid segment '..' in path 'effeks/toriko/../Texture/black.png'
[309월2026 20:31:47.390] [Render thread/ERROR] [net.minecraft.server.packs.PathPackResources/]: Invalid path gourmet2:effeks/toriko/hit_hanmado_0409/../Texture/black.png: Invalid segment '..' in path 'effeks/toriko/hit_hanmado_0409/../Texture/black.png'
[309월2026 20:31:47.390] [Render thread/ERROR] [mod.chloeprime.aaaparticles.client.loader.EffekAssetLoader/]: Failed to load gourmet2:toriko/hit_hanmado_0409
java.io.FileNotFoundException: Failed to load gourmet2:effeks/toriko/../Texture/black.png or gourmet2:effeks/toriko/hit_hanmado_0409/../Texture/black.png
	at TRANSFORMER/aaa_particles@1.21-1.4.15/mod.chloeprime.aaaparticles.client.loader.EffekAssetLoader.lambda$load$2(EffekAssetLoader.java:111) ~[aaa-particles-neoforge-1.21-1.4.15.jar%23193!/:?]
	at java.base/java.util.Optional.orElseThrow(Optional.java:403) ~[?:?]
	at TRANSFORMER/aaa_particles@1.21-1.4.15/mod.chloeprime.aaaparticles.client.loader.EffekAssetLoader.load(EffekAssetLoader.java:111) ~[aaa-particles-neoforge-1.21-1.4.15.jar%23193!/:?]
	at TRANSFORMER/aaa_particles@1.21-1.4.15/mod.chloeprime.aaaparticles.client.loader.EffekAssetLoader.loadEffect(EffekAssetLoader.java:64) ~[aaa-particles-neoforge-1.21-1.4.15.jar%23193!/:?]
	at TRANSFORMER/aaa_particles@1.21-1.4.15/mod.chloeprime.aaaparticles.client.loader.EffekAssetLoader.lambda$apply$6(EffekAssetLoader.java:169) ~[aaa-particles-neoforge-1.21-1.4.15.jar%23193!/:?]
	at java.base/java.util.TreeMap.forEach(TreeMap.java:1317) ~[?:?]
	at TRANSFORMER/aaa_particles@1.21-1.4.15/mod.chloeprime.aaaparticles.client.loader.EffekAssetLoader.lambda$apply$7(EffekAssetLoader.java:167) ~[aaa-particles-neoforge-1.21-1.4.15.jar%23193!/:?]
	at TRANSFORMER/aaa_particles@1.21-1.4.15/mod.chloeprime.aaaparticles.client.render.RenderUtil.lambda$runPixelStoreCodeHealthily$0(RenderUtil.java:112) ~[aaa-particles-neoforge-1.21-1.4.15.jar%23193!/:?]
	at TRANSFORMER/aaa_particles@1.21-1.4.15/mod.chloeprime.aaaparticles.client.render.RenderUtil.runPixelStoreCodeSafely(RenderUtil.java:99) ~[aaa-particles-neoforge-1.21-1.4.15.jar%23193!/:?]
	at TRANSFORMER/aaa_particles@1.21-1.4.15/mod.chloeprime.aaaparticles.client.render.RenderUtil.runPixelStoreCodeHealthily(RenderUtil.java:108) ~[aaa-particles-neoforge-1.21-1.4.15.jar%23193!/:?]
	at TRANSFORMER/aaa_particles@1.21-1.4.15/mod.chloeprime.aaaparticles.client.loader.EffekAssetLoader.apply(EffekAssetLoader.java:165) ~[aaa-particles-neoforge-1.21-1.4.15.jar%23193!/:?]
	at TRANSFORMER/aaa_particles@1.21-1.4.15/mod.chloeprime.aaaparticles.client.loader.EffekAssetLoader.apply(EffekAssetLoader.java:33) ~[aaa-particles-neoforge-1.21-1.4.15.jar%23193!/:?]
	at TRANSFORMER/minecraft@1.21.1/net.minecraft.server.packs.resources.SimplePreparableReloadListener.lambda$reload$1(SimplePreparableReloadListener.java:19) ~[neoforge-21.1.250.jar%23189!/:?]
	at java.base/java.util.concurrent.CompletableFuture$UniAccept.tryFire(CompletableFuture.java:718) ~[?:?]
	at java.base/java.util.concurrent.CompletableFuture$Completion.run(CompletableFuture.java:482) ~[?:?]
	at TRANSFORMER/minecraft@1.21.1/net.minecraft.server.packs.resources.SimpleReloadInstance.lambda$new$3(SimpleReloadInstance.java:86) ~[neoforge-21.1.250.jar%23189!/:?]
	at TRANSFORMER/minecraft@1.21.1/net.minecraft.util.thread.BlockableEventLoop.doRunTask(BlockableEventLoop.java:151) ~[neoforge-21.1.250.jar%23189!/:?]
	at TRANSFORMER/minecraft@1.21.1/net.minecraft.util.thread.ReentrantBlockableEventLoop.doRunTask(ReentrantBlockableEventLoop.java:24) ~[neoforge-21.1.250.jar%23189!/:?]
	at TRANSFORMER/minecraft@1.21.1/net.minecraft.util.thread.BlockableEventLoop.pollTask(BlockableEventLoop.java:122) ~[neoforge-21.1.250.jar%23189!/:?]
	at TRANSFORMER/minecraft@1.21.1/net.minecraft.util.thread.BlockableEventLoop.runAllTasks(BlockableEventLoop.java:111) ~[neoforge-21.1.250.jar%23189!/:?]
	at TRANSFORMER/minecraft@1.21.1/net.minecraft.client.Minecraft.runTick(Minecraft.java:1161) ~[neoforge-21.1.250.jar%23189!/:?]
	at TRANSFORMER/minecraft@1.21.1/net.minecraft.client.Minecraft.run(Minecraft.java:813) ~[neoforge-21.1.250.jar%23189!/:?]
	at TRANSFORMER/minecraft@1.21.1/net.minecraft.client.main.Main.main(Main.java:230) ~[neoforge-21.1.250.jar%23189!/:?]
	at java.base/jdk.internal.reflect.DirectMethodHandleAccessor.invoke(DirectMethodHandleAccessor.java:103) ~[?:?]
	at java.base/java.lang.reflect.Method.invoke(Method.java:580) ~[?:?]
	at MC-BOOTSTRAP/fml_loader@4.0.44/net.neoforged.fml.loading.targets.CommonLaunchHandler.runTarget(CommonLaunchHandler.java:136) ~[loader-4.0.44.jar%23146!/:4.0]
	at MC-BOOTSTRAP/fml_loader@4.0.44/net.neoforged.fml.loading.targets.CommonLaunchHandler.clientService(CommonLaunchHandler.java:124) ~[loader-4.0.44.jar%23146!/:4.0]
	at MC-BOOTSTRAP/fml_loader@4.0.44/net.neoforged.fml.loading.targets.NeoForgeClientDevLaunchHandler.runService(NeoForgeClientDevLaunchHandler.java:23) ~[loader-4.0.44.jar%23146!/:4.0]
	at MC-BOOTSTRAP/fml_loader@4.0.44/net.neoforged.fml.loading.targets.CommonLaunchHandler.lambda$launchService$4(CommonLaunchHandler.java:118) ~[loader-4.0.44.jar%23146!/:4.0]
	at MC-BOOTSTRAP/cpw.mods.modlauncher@11.0.5/cpw.mods.modlauncher.LaunchServiceHandlerDecorator.launch(LaunchServiceHandlerDecorator.java:30) [modlauncher-11.0.5.jar%23128!/:?]
	at MC-BOOTSTRAP/cpw.mods.modlauncher@11.0.5/cpw.mods.modlauncher.LaunchServiceHandler.launch(LaunchServiceHandler.java:53) [modlauncher-11.0.5.jar%23128!/:?]
	at MC-BOOTSTRAP/cpw.mods.modlauncher@11.0.5/cpw.mods.modlauncher.LaunchServiceHandler.launch(LaunchServiceHandler.java:71) [modlauncher-11.0.5.jar%23128!/:?]
	at MC-BOOTSTRAP/cpw.mods.modlauncher@11.0.5/cpw.mods.modlauncher.Launcher.run(Launcher.java:103) [modlauncher-11.0.5.jar%23128!/:?]
	at MC-BOOTSTRAP/cpw.mods.modlauncher@11.0.5/cpw.mods.modlauncher.Launcher.main(Launcher.java:74) [modlauncher-11.0.5.jar%23128!/:?]
	at MC-BOOTSTRAP/cpw.mods.modlauncher@11.0.5/cpw.mods.modlauncher.BootstrapLaunchConsumer.accept(BootstrapLaunchConsumer.java:26) [modlauncher-11.0.5.jar%23128!/:?]
	at MC-BOOTSTRAP/cpw.mods.modlauncher@11.0.5/cpw.mods.modlauncher.BootstrapLaunchConsumer.accept(BootstrapLaunchConsumer.java:23) [modlauncher-11.0.5.jar%23128!/:?]
	at cpw.mods.bootstraplauncher@2.0.2/cpw.mods.bootstraplauncher.BootstrapLauncher.run(BootstrapLauncher.java:210) [bootstraplauncher-2.0.2.jar:?]
	at cpw.mods.bootstraplauncher@2.0.2/cpw.mods.bootstraplauncher.BootstrapLauncher.main(BootstrapLauncher.java:69) [bootstraplauncher-2.0.2.jar:?]
	at java.base/jdk.internal.reflect.DirectMethodHandleAccessor.invoke(DirectMethodHandleAccessor.java:103) ~[?:?]
	at java.base/java.lang.reflect.Method.invoke(Method.java:580) ~[?:?]
	at net.neoforged.devlaunch.Main.main(Main.java:57) [DevLaunch-1.0.2.jar:?]
[309월2026 20:31:47.722] [Render thread/ERROR] [net.minecraft.client.sounds.SoundManager/]: Missing subtitle translation{key='sfx.slam_light', args=[]} for sound event: epicfight:sfx.slam_light
[309월2026 20:31:47.722] [Render thread/ERROR] [net.minecraft.client.sounds.SoundManager/]: Missing subtitle translation{key='skill.adrenaline', args=[]} for sound event: epicfight:skill.adrenaline
[309월2026 20:31:47.722] [Render thread/ERROR] [net.minecraft.client.sounds.SoundManager/]: Missing subtitle translation{key='skill.endurance', args=[]} for sound event: epicfight:skill.endurance
[309월2026 20:31:47.722] [Render thread/ERROR] [net.minecraft.client.sounds.SoundManager/]: Missing subtitle translation{key='skill.adaptive_skin_increase', args=[]} for sound event: epicfight:skill.adaptive_skin_increase
[309월2026 20:31:47.722] [Render thread/ERROR] [net.minecraft.client.sounds.SoundManager/]: Missing subtitle translation{key='skill.stamina_pillager_death', args=[]} for sound event: epicfight:skill.stamina_pillager_death
[309월2026 20:31:47.722] [Render thread/ERROR] [net.minecraft.client.sounds.SoundManager/]: Missing subtitle translation{key='ui.hover', args=[]} for sound event: epicfight:ui.hover
[309월2026 20:31:47.724] [Render thread/ERROR] [net.minecraft.client.sounds.SoundManager/]: Missing subtitle translation{key='skill.swordmaster', args=[]} for sound event: epicfight:skill.swordmaster
[309월2026 20:31:47.724] [Render thread/ERROR] [net.minecraft.client.sounds.SoundManager/]: Missing subtitle translation{key='skill.vengeance', args=[]} for sound event: epicfight:skill.vengeance
[309월2026 20:31:47.724] [Render thread/ERROR] [net.minecraft.client.sounds.SoundManager/]: Missing subtitle translation{key='skill.emergency_escape', args=[]} for sound event: epicfight:skill.emergency_escape
[309월2026 20:31:47.724] [Render thread/ERROR] [net.minecraft.client.sounds.SoundManager/]: Missing subtitle translation{key='skill.technician', args=[]} for sound event: epicfight:skill.technician
[309월2026 20:31:47.724] [Render thread/ERROR] [net.minecraft.client.sounds.SoundManager/]: Missing subtitle translation{key='skill.catharsis', args=[]} for sound event: epicfight:skill.catharsis
[309월2026 20:31:47.724] [Render thread/ERROR] [net.minecraft.client.sounds.SoundManager/]: Missing subtitle translation{key='entity.hit.old_fall', args=[]} for sound event: epicfight:entity.hit.old_fall
[309월2026 20:31:47.724] [Render thread/ERROR] [net.minecraft.client.sounds.SoundManager/]: Missing subtitle translation{key='sfx.slam_heavy', args=[]} for sound event: epicfight:sfx.slam_heavy
[309월2026 20:31:47.724] [Render thread/ERROR] [net.minecraft.client.sounds.SoundManager/]: Missing subtitle translation{key='skill.adaptive_skin_decrease', args=[]} for sound event: epicfight:skill.adaptive_skin_decrease
[309월2026 20:31:47.724] [Render thread/ERROR] [net.minecraft.client.sounds.SoundManager/]: Missing subtitle translation{key='entity.wither.wither_spell_armor', args=[]} for sound event: epicfight:entity.wither.wither_spell_armor
[309월2026 20:31:47.724] [Render thread/ERROR] [net.minecraft.client.sounds.SoundManager/]: Missing subtitle translation{key='skill.hypervitality', args=[]} for sound event: epicfight:skill.hypervitality
[309월2026 20:31:47.724] [Render thread/WARN] [net.minecraft.client.sounds.SoundEngine/]: Missing sound for event: minecraft:item.goat_horn.play
[309월2026 20:31:47.724] [Render thread/WARN] [net.minecraft.client.sounds.SoundEngine/]: Missing sound for event: minecraft:entity.goat.screaming.horn_break
[309월2026 20:31:47.724] [Render thread/WARN] [net.minecraft.client.sounds.SoundEngine/]: Missing sound for event: epicfight:sfx.no_sound
[309월2026 20:31:47.762] [Render thread/INFO] [com.mojang.blaze3d.audio.Library/]: OpenAL initialized on device OpenAL Soft on 스피커(High Definition Audio Device)
[309월2026 20:31:47.763] [Render thread/INFO] [net.minecraft.client.sounds.SoundEngine/SOUNDS]: Sound engine started
[309월2026 20:31:47.819] [Render thread/INFO] [net.minecraft.client.renderer.texture.TextureAtlas/]: Created: 1024x512x4 minecraft:textures/atlas/blocks.png-atlas
[309월2026 20:31:47.824] [Render thread/INFO] [net.minecraft.client.renderer.texture.TextureAtlas/]: Created: 256x256x4 minecraft:textures/atlas/signs.png-atlas
[309월2026 20:31:47.824] [Render thread/INFO] [net.minecraft.client.renderer.texture.TextureAtlas/]: Created: 512x512x4 minecraft:textures/atlas/shield_patterns.png-atlas
[309월2026 20:31:47.824] [Render thread/INFO] [net.minecraft.client.renderer.texture.TextureAtlas/]: Created: 512x512x4 minecraft:textures/atlas/banner_patterns.png-atlas
[309월2026 20:31:47.825] [Render thread/INFO] [net.minecraft.client.renderer.texture.TextureAtlas/]: Created: 1024x1024x4 minecraft:textures/atlas/armor_trims.png-atlas
[309월2026 20:31:47.826] [Render thread/INFO] [net.minecraft.client.renderer.texture.TextureAtlas/]: Created: 256x256x4 minecraft:textures/atlas/chest.png-atlas
[309월2026 20:31:47.826] [Render thread/INFO] [net.minecraft.client.renderer.texture.TextureAtlas/]: Created: 128x64x4 minecraft:textures/atlas/decorated_pot.png-atlas
[309월2026 20:31:47.826] [Render thread/INFO] [net.minecraft.client.renderer.texture.TextureAtlas/]: Created: 512x256x4 minecraft:textures/atlas/beds.png-atlas
[309월2026 20:31:47.826] [Render thread/INFO] [net.minecraft.client.renderer.texture.TextureAtlas/]: Created: 512x256x4 minecraft:textures/atlas/shulker_boxes.png-atlas
[309월2026 20:31:47.867] [Render thread/ERROR] [epicfight/]: Can't load layer file minecraft:animated_layers/player/waveycapes.json for entity.minecraft.player: dev.tr7zw.waveycapes.renderlayers.CustomCapeRenderLayer (This is develop-only message and neglectable if the resource is not belong to you)
[309월2026 20:31:47.867] [Render thread/ERROR] [epicfight/]: Can't load layer file minecraft:animated_layers/player/waveycapes.json for entity.minecraft.player: dev.tr7zw.waveycapes.renderlayers.CustomCapeRenderLayer (This is develop-only message and neglectable if the resource is not belong to you)
[309월2026 20:31:47.871] [Render thread/ERROR] [epicfight/]: Can't load layer file minecraft:animated_layers/player/waveycapes.json for entity.minecraft.player: dev.tr7zw.waveycapes.renderlayers.CustomCapeRenderLayer (This is develop-only message and neglectable if the resource is not belong to you)
[309월2026 20:31:47.875] [Render thread/INFO] [net.minecraft.client.renderer.texture.TextureAtlas/]: Created: 2048x1024x0 minecraft:textures/atlas/particles.png-atlas
[309월2026 20:31:47.879] [Render thread/INFO] [net.minecraft.client.renderer.texture.TextureAtlas/]: Created: 512x256x0 minecraft:textures/atlas/paintings.png-atlas
[309월2026 20:31:47.879] [Render thread/INFO] [net.minecraft.client.renderer.texture.TextureAtlas/]: Created: 256x128x0 minecraft:textures/atlas/mob_effects.png-atlas
[309월2026 20:31:47.879] [Render thread/INFO] [net.minecraft.client.renderer.texture.TextureAtlas/]: Created: 64x64x0 minecraft:textures/atlas/map_decorations.png-atlas
[309월2026 20:31:47.879] [Render thread/INFO] [net.minecraft.client.renderer.texture.TextureAtlas/]: Created: 1024x512x0 minecraft:textures/atlas/gui.png-atlas
[309월2026 20:31:47.890] [Render thread/WARN] [net.minecraft.client.renderer.ShaderInstance/]: Shader rendertype_entity_translucent_emissive could not find sampler named Sampler2 in the specified shader program.
[309월2026 20:31:48.162] [Render thread/ERROR] [epicfight/]: Datapack animation reading failed: No constructor information has provided: gourmet2:combat/heavy
[309월2026 20:31:48.162] [Render thread/ERROR] [epicfight/]: Datapack animation reading failed: No constructor information has provided: gourmet2:combat_acrobatic/heavy
[309월2026 20:31:48.163] [Render thread/ERROR] [epicfight/]: Datapack animation reading failed: No constructor information has provided: gourmet2:combat_swift/heavy
[309월2026 20:31:48.185] [Render thread/INFO] [net.neoforged.neoforge.client.entity.animation.json.AnimationLoader/]: Loaded 0 entity animations
[309월2026 20:31:52.253] [Worker-Main-16/INFO] [epicfight/]: Generated conditional modifier: epicfight:bokken/generated/modifier/ochs
[309월2026 20:31:52.255] [Worker-Main-16/INFO] [epicfight/]: Generated moveset modifier: epicfight:bokken/generated/modifier/ochs
[309월2026 20:31:52.314] [Render thread/INFO] [net.minecraft.world.item.crafting.RecipeManager/]: Loaded 1321 recipes
[309월2026 20:31:52.391] [Render thread/INFO] [net.minecraft.advancements.AdvancementTree/]: Loaded 1430 advancements
[309월2026 20:31:52.395] [Render thread/WARN] [epicfight/]: Skill epicfight:air_slash doesn't exist in the registry.
[309월2026 20:31:52.395] [Render thread/INFO] [epicfight/]: Pulling epicfight:shovel from register
[309월2026 20:31:52.396] [Render thread/INFO] [epicfight/]: Pulling epicfight:shield from register
[309월2026 20:31:52.396] [Render thread/INFO] [epicfight/]: Pulling epicfight:pickaxe from register
[309월2026 20:31:52.396] [Render thread/INFO] [epicfight/]: Pulling epicfight:axe from register
[309월2026 20:31:52.396] [Render thread/INFO] [epicfight/]: Pulling epicfight:bow from register
[309월2026 20:31:52.396] [Render thread/INFO] [epicfight/]: Pulling epicfight:armor from register
[309월2026 20:31:52.396] [Render thread/INFO] [epicfight/]: Pulling epicfight:bokken from register
[309월2026 20:31:52.396] [Render thread/INFO] [epicfight/]: Pulling epicfight:crossbow from register
[309월2026 20:31:52.396] [Render thread/INFO] [epicfight/]: Pulling epicfight:hoe from register
[309월2026 20:31:52.396] [Render thread/INFO] [epicfight/]: Pulling epicfight:uchigatana from register
[309월2026 20:31:52.396] [Render thread/INFO] [epicfight/]: Pulling epicfight:fist from register
[309월2026 20:31:52.396] [Render thread/INFO] [epicfight/]: Pulling epicfight:tachi from register
[309월2026 20:31:52.396] [Render thread/INFO] [epicfight/]: Pulling epicfight:spear from register
[309월2026 20:31:52.396] [Render thread/INFO] [epicfight/]: Pulling epicfight:trident from register
[309월2026 20:31:52.396] [Render thread/INFO] [epicfight/]: Pulling epicfight:dagger from register
[309월2026 20:31:52.396] [Render thread/INFO] [epicfight/]: Pulling epicfight:greatsword from register
[309월2026 20:31:52.396] [Render thread/INFO] [epicfight/]: Pulling epicfight:sword from register
[309월2026 20:31:52.396] [Render thread/INFO] [epicfight/]: Pulling epicfight:map from register
[309월2026 20:31:52.396] [Render thread/INFO] [epicfight/]: Pulling epicfight:longsword from register
[309월2026 20:31:52.401] [Render thread/WARN] [epicfight/]: Error while deserializing datapack for minecraft:wooden_sword: No value present
[309월2026 20:31:52.654] [Server thread/INFO] [net.minecraft.client.server.IntegratedServer/]: Starting integrated minecraft server version 1.21.1
[309월2026 20:31:52.654] [Server thread/INFO] [net.minecraft.server.MinecraftServer/]: Generating keypair
[309월2026 20:31:53.115] [Server thread/INFO] [net.minecraft.server.MinecraftServer/]: Preparing start region for dimension minecraft:overworld
[309월2026 20:31:53.262] [progressListener/INFO] [net.minecraft.server.level.progress.LoggerChunkProgressListener/]: Preparing spawn area: 0%
[309월2026 20:31:53.332] [Server thread/INFO] [net.neoforged.neoforge.server.permission.PermissionAPI/]: Successfully initialized permission handler neoforge:default_handler
[309월2026 20:31:53.334] [progressListener/INFO] [net.minecraft.server.level.progress.LoggerChunkProgressListener/]: Time elapsed: 214 ms
[309월2026 20:31:53.380] [Server thread/INFO] [net.minecraft.client.server.IntegratedServer/]: Changing view distance to 12, from 10
[309월2026 20:31:53.380] [Server thread/INFO] [net.minecraft.client.server.IntegratedServer/]: Changing simulation distance to 12, from 0
[309월2026 20:31:53.802] [Server thread/INFO] [net.minecraft.server.players.PlayerList/]: Dev[local:E:56017dd9] logged in with entity id 85 at (446.0689697551661, 84.0, 123.4564145389985)
[309월2026 20:31:53.847] [Server thread/INFO] [net.minecraft.server.MinecraftServer/]: Dev joined the game
[309월2026 20:31:54.081] [Render thread/INFO] [net.minecraft.advancements.AdvancementTree/]: Loaded 76 advancements
[309월2026 20:31:54.097] [ForkJoinPool.commonPool-worker-13/ERROR] [epicfight/]: Failed at connecting Epic Fight web server: java.net.ConnectException
[309월2026 20:33:16.450] [Render thread/INFO] [net.minecraft.advancements.AdvancementTree/]: Loaded 78 advancements
[309월2026 20:33:36.927] [Server thread/INFO] [net.minecraft.server.MinecraftServer/]: [Dev: Set own game mode to Creative Mode]
[309월2026 20:33:36.938] [Render thread/INFO] [net.minecraft.client.gui.components.ChatComponent/]: [System] [CHAT] Set own game mode to Creative Mode
[309월2026 20:33:37.934] [Server thread/INFO] [net.minecraft.client.server.IntegratedServer/]: Saving and pausing game...
[309월2026 20:33:37.958] [Server thread/INFO] [net.minecraft.server.MinecraftServer/]: Saving chunks for level 'ServerLevel[New World]'/minecraft:overworld
[309월2026 20:33:37.985] [Server thread/INFO] [net.minecraft.server.MinecraftServer/]: Saving chunks for level 'ServerLevel[New World]'/minecraft:the_end
[309월2026 20:33:37.985] [Server thread/INFO] [net.minecraft.server.MinecraftServer/]: Saving chunks for level 'ServerLevel[New World]'/minecraft:the_nether
[309월2026 20:33:41.109] [Render thread/ERROR] [epicfight/]: Can't load layer file minecraft:animated_layers/player/waveycapes.json for entity.minecraft.player: dev.tr7zw.waveycapes.renderlayers.CustomCapeRenderLayer (This is develop-only message and neglectable if the resource is not belong to you)
[309월2026 20:33:41.141] [Server thread/INFO] [net.minecraft.server.network.ServerGamePacketListenerImpl/]: Dev lost connection: Disconnected
[309월2026 20:33:41.142] [Server thread/INFO] [net.minecraft.server.MinecraftServer/]: Dev left the game
[309월2026 20:33:41.154] [Server thread/INFO] [net.minecraft.server.network.ServerCommonPacketListenerImpl/]: Stopping singleplayer server as player logged out
[309월2026 20:33:41.184] [Server thread/INFO] [net.minecraft.server.MinecraftServer/]: Stopping server
[309월2026 20:33:41.184] [Server thread/INFO] [net.minecraft.server.MinecraftServer/]: Saving players
[309월2026 20:33:41.185] [Server thread/INFO] [net.minecraft.server.MinecraftServer/]: Saving worlds
[309월2026 20:33:41.227] [Server thread/INFO] [net.minecraft.server.MinecraftServer/]: Saving chunks for level 'ServerLevel[New World]'/minecraft:overworld
[309월2026 20:33:41.288] [Server thread/INFO] [net.minecraft.server.MinecraftServer/]: Saving chunks for level 'ServerLevel[New World]'/minecraft:the_end
[309월2026 20:33:41.292] [Server thread/INFO] [net.minecraft.server.MinecraftServer/]: Saving chunks for level 'ServerLevel[New World]'/minecraft:the_nether
[309월2026 20:33:41.301] [Server thread/INFO] [net.minecraft.server.MinecraftServer/]: ThreadedAnvilChunkStorage (New World (2)): All chunks are saved
[309월2026 20:33:41.301] [Server thread/INFO] [net.minecraft.server.MinecraftServer/]: ThreadedAnvilChunkStorage (DIM1): All chunks are saved
[309월2026 20:33:41.302] [Server thread/INFO] [net.minecraft.server.MinecraftServer/]: ThreadedAnvilChunkStorage (DIM-1): All chunks are saved
[309월2026 20:33:41.302] [Server thread/INFO] [net.minecraft.server.MinecraftServer/]: ThreadedAnvilChunkStorage: All dimensions are saved
[309월2026 20:33:41.415] [Render thread/INFO] [epicfight/]: Data keys [epicfight:combo_counter] for epicfight:combo_attacks
[309월2026 20:33:41.415] [Render thread/INFO] [epicfight/]: Data keys [epicfight:penalty, epicfight:penalty_restore_counter] for epicfight:guard
[309월2026 20:33:41.415] [Render thread/INFO] [epicfight/]: Data keys [epicfight:penalty, epicfight:penalty_restore_counter] for epicfight:impact_guard
[309월2026 20:33:41.415] [Render thread/INFO] [epicfight/]: Data keys [epicfight:last_active, epicfight:penalty, epicfight:penalty_restore_counter, epicfight:parry_motion_counter] for epicfight:parrying
[309월2026 20:33:41.415] [Render thread/INFO] [epicfight/]: Data keys [epicfight:stacks, epicfight:tick_record, epicfight:resisting_damage_type] for epicfight:adaptive_skin
[309월2026 20:33:41.415] [Render thread/INFO] [epicfight/]: Data keys [epicfight:tick_record] for epicfight:adrenaline_fiend
[309월2026 20:33:41.415] [Render thread/INFO] [epicfight/]: Data keys [epicfight:stacks, epicfight:entity_id] for epicfight:bonebreaker
[309월2026 20:33:41.415] [Render thread/INFO] [epicfight/]: Data keys [epicfight:tick_record, epicfight:entity_id] for epicfight:vengeance
[309월2026 20:33:41.415] [Render thread/INFO] [epicfight/]: Data keys [epicfight:fall_distance, epicfight:slam_protect_next_fall] for epicfight:meteor_slam
[309월2026 20:33:41.415] [Render thread/INFO] [epicfight/]: Data keys [epicfight:stacks] for epicfight:revelation
[309월2026 20:33:41.415] [Render thread/INFO] [epicfight/]: Data keys [epicfight:slam_protect_next_fall] for epicfight:demolition_leap
[309월2026 20:33:41.415] [Render thread/INFO] [epicfight/]: Data keys [epicfight:jump_key_pressed_last_tick, epicfight:jump_count, epicfight:slam_protect_next_fall] for epicfight:phantom_ascent
[309월2026 20:33:41.416] [Render thread/INFO] [epicfight/]: Data keys [epicfight:last_hit_count] for epicfight:grasping_spire
[309월2026 20:33:41.416] [Render thread/INFO] [epicfight/]: Data keys [epicfight:sheath] for epicfight:battojutsu
[309월2026 20:33:41.416] [Render thread/INFO] [epicfight/]: Data keys [epicfight:combo_counter] for epicfight:blade_rush
[309월2026 20:33:41.416] [Render thread/INFO] [epicfight/]: Data keys [epicfight:thrown_trident_entity_id] for epicfight:everlasting_allegiance
[309월2026 20:33:41.416] [Render thread/INFO] [epicfight/]: Data keys [epicfight:sheath] for epicfight:battojutsu_passive
[309월2026 20:33:42.302] [Render thread/INFO] [net.minecraft.client.Minecraft/]: Stopping!
